// Jest Snapshot v1, https://goo.gl/fbAQLP

exports[`Providers renders as expected 1`] = `
<div
  id="category"
>
  <h2>
    Example Category
  </h2>
  <div
    className="MuiGrid-root MuiGrid-container MuiGrid-justify-xs-space-evenly"
  >
    <script
      type="application/ld+json"
    >
      Object {
      "@context": "https://schema.org",
      "@id": "https://example.dev/provider",
      "@type": "SoftwareApplication",
      "applicationCategory": "Development Tool",
      "applicationSubCategory": "Atom Package",
      "mainEntityOfPage": "https://example.dev/provider",
      "name": "Example Package",
      "operatingSystem": "macOS, Windows, Linux",
      "url": "https://example.dev/provider",
    }
    </script>
    <div
      className="MuiGrid-root makeStyles-gridItem-104 MuiGrid-item"
    >
      <div
        className="MuiPaper-root MuiCard-root makeStyles-cardBase-105 MuiPaper-elevation1 MuiPaper-rounded"
      >
        <div
          className="MuiCardContent-root"
        >
          <h2>
            Example Type
          </h2>
        </div>
        <hr
          className="MuiDivider-root"
        />
        <div
          className="MuiCardActions-root MuiCardActions-spacing"
        >
          <div
            className="MuiGrid-root MuiGrid-container MuiGrid-direction-xs-column MuiGrid-wrap-xs-nowrap"
          >
            <a
              aria-disabled={false}
              className="MuiButtonBase-root MuiButton-root MuiButton-text"
              href="https://example.dev/provider"
              onBlur={[Function]}
              onDragLeave={[Function]}
              onFocus={[Function]}
              onKeyDown={[Function]}
              onKeyUp={[Function]}
              onMouseDown={[Function]}
              onMouseLeave={[Function]}
              onMouseUp={[Function]}
              onTouchEnd={[Function]}
              onTouchMove={[Function]}
              onTouchStart={[Function]}
              tabIndex={0}
            >
              <span
                className="MuiButton-label"
              >
                Example Package
              </span>
            </a>
          </div>
        </div>
      </div>
    </div>
  </div>
</div>
`;
